
> daily-planner@1.0.0 build:win
> npm run build && cross-env ELECTRON_MIRROR=https://npmmirror.com/mirrors/electron/ ELECTRON_BUILDER_BINARIES_MIRROR=https://npmmirror.com/mirrors/electron-builder-binaries/ electron-builder --win


> daily-planner@1.0.0 build
> npm run build:electron && tsc && vite build


> daily-planner@1.0.0 build:electron
> node scripts/build-electron.mjs

[electron] Build complete.
[36mvite v6.4.3 [32mbuilding for production...[36m[39m
transforming...
[32m鉁?[39m 956 modules transformed.
rendering chunks...
computing gzip size...
[2mdist/[22m[32mindex.html                 [39m[1m[2m  0.73 kB[22m[1m[22m[2m 鈹?gzip:   0.46 kB[22m
[2mdist/[22m[35massets/index-NZC77mr3.css  [39m[1m[2m 28.30 kB[22m[1m[22m[2m 鈹?gzip:   5.47 kB[22m
[2mdist/[22m[36massets/index-B4rFwPYz.js   [39m[1m[33m639.90 kB[39m[22m[2m 鈹?gzip: 194.61 kB[22m
node.exe : [33m
所在位置 行:1 字符: 1
+ & "C:\Program Files\nodejs/node.exe" "C:\Program Files\nodejs/node_mo ...
+ ~~~~~~~~~~~~~~~~~~~~~~~~~~~~~~~~~~~~~~~~~~~~~~~~~~~~~~~~~~~~~~~~~~~~~
    + CategoryInfo          : NotSpecified: ([33m:String) [], RemoteException
    + FullyQualifiedErrorId : NativeCommandError
 
(!) Some chunks are larger than 500 kB after minification. Consider:
- Using dynamic import() to code-split the application
- Use build.rollupOptions.output.manualChunks to improve chunking: https://rollupjs.org/configuration-options/#output-m
anualchunks
- Adjust chunk size limit for this warning via build.chunkSizeWarningLimit.[39m
[32m鉁?built in 3.78s[39m
  鈥?electron-builder  version=25.1.8 os=10.0.26200
  鈥?loaded configuration  file=package.json ("build" field)
  鈥?executing @electron/rebuild  electronVersion=33.4.11 arch=x64 buildFromSource=false appDir=./
  鈥?installing native dependencies  arch=x64
  鈥?completed installing native dependencies
  鈥?packaging       platform=win32 arch=x64 electron=33.4.11 appOutDir=release\win-unpacked
  鈥?updating asar integrity executable resource  executablePath=release\win-unpacked\Daily Planner.exe
  鈥?building        target=nsis file=release\Daily Planner Setup 1.0.0.exe archs=x64 oneClick=false perMachine=false
  鈥?default Electron icon is used  reason=application icon is not set
  鈥?downloading     url=https://npmmirror.com/mirrors/electron-builder-binaries/nsis-3.0.4.1/nsis-3.0.4.1.7z size=1.3 MB parts=1
  鈥?downloaded      url=https://npmmirror.com/mirrors/electron-builder-binaries/nsis-3.0.4.1/nsis-3.0.4.1.7z duration=805ms
  鈥?downloading     url=https://npmmirror.com/mirrors/electron-builder-binaries/nsis-resources-3.4.1/nsis-resources-3.4.1.7z size=731 kB parts=1
  鈥?downloaded      url=https://npmmirror.com/mirrors/electron-builder-binaries/nsis-resources-3.4.1/nsis-resources-3.4.1.7z duration=975ms
  鈥?signing with signtool.exe  path=release\__uninstaller-nsis-daily-planner.exe
  鈥?no signing info identified, signing is skipped  signHook=false cscInfo=null
  鈥?signing with signtool.exe  path=release\Daily Planner Setup 1.0.0.exe
  鈥?no signing info identified, signing is skipped  signHook=false cscInfo=null
  鈥?building block map  blockMapFile=release\Daily Planner Setup 1.0.0.exe.blockmap
